2026-03-22 12:53:17,103 - INFO - ==================================================
2026-03-22 12:53:17,103 - INFO - Starting LAGIS Ultra-Optimized Pipeline
2026-03-22 12:53:17,103 - INFO - Timestamp: 2026-03-22T12:53:17.103619
2026-03-22 12:53:17,103 - INFO - ==================================================
2026-03-22 12:53:17,104 - INFO - >>> Running: collect_feeds
2026-03-22 12:53:17,106 - INFO - Collector initialized with 30 feeds
2026-03-22 12:53:17,106 - INFO - Fetching 30 feeds in parallel...
2026-03-22 12:53:17,555 - INFO - Fetched AP News: 0 articles
2026-03-22 12:53:17,953 - INFO - Fetched NYT World: 8 articles
2026-03-22 12:53:18,061 - INFO - Fetched Fox News World: 0 articles
2026-03-22 12:53:18,199 - INFO - Fetched Al Jazeera: 8 articles
2026-03-22 12:53:18,303 - INFO - Fetched BBC World: 8 articles
2026-03-22 12:53:18,556 - INFO - Fetched Guardian World: 8 articles
2026-03-22 12:53:18,738 - INFO - Fetched CNN World: 8 articles
2026-03-22 12:53:18,809 - INFO - Fetched ABC News: 8 articles
2026-03-22 12:53:19,204 - INFO - Fetched France24: 8 articles
2026-03-22 12:53:19,270 - INFO - Fetched Reuters World: 0 articles
2026-03-22 12:53:19,490 - INFO - Fetched NBC News: 0 articles
2026-03-22 12:53:19,609 - INFO - Fetched CBS News: 0 articles
2026-03-22 12:53:20,111 - INFO - Fetched Euronews: 8 articles
2026-03-22 12:53:20,266 - INFO - Fetched Sky News: 0 articles
2026-03-22 12:53:20,505 - INFO - Fetched BBC Business: 8 articles
2026-03-22 12:53:20,570 - INFO - Fetched CNBC: 8 articles
2026-03-22 12:53:20,714 - INFO - Fetched Bloomberg: 8 articles
2026-03-22 12:53:20,793 - INFO - Fetched Economist: 0 articles
2026-03-22 12:53:21,365 - INFO - Fetched Reuters Business: 0 articles
2026-03-22 12:53:21,393 - INFO - Fetched Foreign Affairs: 8 articles
2026-03-22 12:53:21,505 - INFO - Fetched Stratfor: 0 articles
2026-03-22 12:53:21,509 - INFO - Fetched MarketWatch: 8 articles
2026-03-22 12:53:21,759 - INFO - Fetched CSIS: 0 articles
2026-03-22 12:53:22,209 - INFO - Fetched Brookings: 0 articles
2026-03-22 12:53:22,241 - INFO - Fetched Financial Times: 8 articles
2026-03-22 12:53:22,568 - INFO - Fetched Defense News: 0 articles
2026-03-22 12:53:22,572 - INFO - Fetched RAND: 0 articles
2026-03-22 12:53:22,649 - INFO - Fetched Jane's Defence: 0 articles
2026-03-22 12:53:23,909 - INFO - Fetched DW World: 8 articles
2026-03-22 12:53:26,230 - INFO - Fetched Washington Post: 8 articles
2026-03-22 12:54:11,909 - INFO - Collected 128 unique articles from 30 feeds
2026-03-22 12:54:11,909 - INFO - <<< Completed: collect_feeds
2026-03-22 12:54:11,909 - INFO - >>> Running: archive
2026-03-22 12:54:12,238 - INFO - Archive initialized - 1907 articles already archived
2026-03-22 12:54:12,246 - INFO - Archived 90 new articles (90 total today)
2026-03-22 12:54:12,246 - INFO - Archive complete: 90 new articles saved
2026-03-22 12:54:12,247 - INFO - <<< Completed: archive
2026-03-22 12:54:12,247 - INFO - >>> Running: article_filter
2026-03-22 12:54:12,258 - INFO - Article filter: 47 relevant (score >= 4), 81 filtered out
2026-03-22 12:54:12,258 - INFO - Filtered 128 articles -> 47 relevant
2026-03-22 12:54:12,259 - INFO - <<< Completed: article_filter
2026-03-22 12:54:12,259 - INFO - >>> Running: quick_analysis
2026-03-22 12:54:12,259 - INFO - <<< Completed: quick_analysis
2026-03-22 12:54:12,260 - INFO - >>> Running: signal_detection
2026-03-22 12:54:12,264 - INFO - <<< Completed: signal_detection
2026-03-22 12:54:12,264 - INFO - >>> Running: context_retrieval
2026-03-22 12:54:12,288 - INFO - Knowledge base initialized at C:\Users\Aldin\Desktop\Projects\GeoIntelOpenCode\data\knowledge.db
2026-03-22 12:54:12,292 - INFO - World Model initialized at C:\Users\Aldin\Desktop\Projects\GeoIntelOpenCode\data\world_state.db
2026-03-22 12:54:12,293 - INFO - Context retrieved for: 0 countries, 0 issues
2026-03-22 12:54:12,293 - INFO - <<< Completed: context_retrieval
2026-03-22 12:54:12,293 - INFO - >>> Running: embed_events
2026-03-22 12:54:12,451 - INFO - Knowledge (events): stored 0, skipped 3
2026-03-22 12:54:12,451 - INFO - Knowledge: embedded 0 events
2026-03-22 12:54:12,451 - INFO - <<< Completed: embed_events
2026-03-22 12:54:12,451 - INFO - >>> Running: memory_graph
2026-03-22 12:54:12,469 - INFO - <<< Completed: memory_graph
2026-03-22 12:54:12,469 - INFO - >>> Running: intelligence_synthesis
2026-03-22 12:54:12,469 - INFO - <<< Completed: intelligence_synthesis
2026-03-22 12:54:12,469 - INFO - >>> Running: kosovo_impact
2026-03-22 12:54:12,470 - INFO - No Kosovo-relevant events found
2026-03-22 12:54:12,470 - INFO - <<< Completed: kosovo_impact
2026-03-22 12:54:12,470 - INFO - >>> Running: generate_brief
2026-03-22 12:54:13,843 - INFO - Telegram service enabled
2026-03-22 12:54:15,930 - INFO - Message sent successfully (1 chunks)
2026-03-22 12:54:15,936 - INFO - Brief sent to Telegram
2026-03-22 12:54:15,936 - INFO - <<< Completed: generate_brief
2026-03-22 12:54:15,936 - INFO - ==================================================
2026-03-22 12:54:15,936 - INFO - Pipeline Complete
2026-03-22 12:54:15,936 - INFO - Final status: briefed
2026-03-22 12:54:15,936 - INFO - Efficiency: 11 run, 0 skipped, 58.8s
2026-03-22 12:54:15,936 - INFO - ==================================================
