2026-03-21 14:33:52,254 - INFO - ==================================================
2026-03-21 14:33:52,254 - INFO - Starting LAGIS Ultra-Optimized Pipeline
2026-03-21 14:33:52,254 - INFO - Timestamp: 2026-03-21T14:33:52.254050
2026-03-21 14:33:52,254 - INFO - ==================================================
2026-03-21 14:33:52,254 - INFO - >>> Running: collect_feeds
2026-03-21 14:33:52,275 - INFO - Collector initialized with 30 feeds
2026-03-21 14:33:52,275 - INFO - Fetching 30 feeds in parallel...
2026-03-21 14:33:52,568 - INFO - Fetched AP News: 0 articles
2026-03-21 14:33:52,764 - INFO - Fetched Fox News World: 0 articles
2026-03-21 14:33:52,788 - INFO - Fetched Al Jazeera: 8 articles
2026-03-21 14:33:52,953 - INFO - Fetched NYT World: 8 articles
2026-03-21 14:33:52,994 - INFO - Fetched BBC World: 8 articles
2026-03-21 14:33:53,077 - INFO - Fetched CNN World: 8 articles
2026-03-21 14:33:53,258 - INFO - Fetched Guardian World: 8 articles
2026-03-21 14:33:53,295 - INFO - Fetched ABC News: 8 articles
2026-03-21 14:33:53,451 - INFO - Fetched Reuters World: 0 articles
2026-03-21 14:33:53,503 - INFO - Fetched Sky News: 0 articles
2026-03-21 14:33:53,707 - INFO - Fetched DW World: 8 articles
2026-03-21 14:33:53,757 - INFO - Fetched Euronews: 8 articles
2026-03-21 14:33:53,880 - INFO - Fetched CBS News: 0 articles
2026-03-21 14:33:53,883 - INFO - Fetched France24: 8 articles
2026-03-21 14:33:53,963 - INFO - Fetched BBC Business: 8 articles
2026-03-21 14:33:54,128 - INFO - Fetched Reuters Business: 0 articles
2026-03-21 14:33:54,205 - INFO - Fetched NBC News: 0 articles
2026-03-21 14:33:54,256 - INFO - Fetched Foreign Affairs: 8 articles
2026-03-21 14:33:54,289 - INFO - Fetched Economist: 0 articles
2026-03-21 14:33:54,329 - INFO - Fetched CNBC: 8 articles
2026-03-21 14:33:54,354 - INFO - Fetched Stratfor: 0 articles
2026-03-21 14:33:54,420 - INFO - Fetched Financial Times: 8 articles
2026-03-21 14:33:54,539 - INFO - Fetched Bloomberg: 8 articles
2026-03-21 14:33:54,799 - INFO - Fetched CSIS: 0 articles
2026-03-21 14:33:54,799 - INFO - Fetched RAND: 0 articles
2026-03-21 14:33:54,799 - INFO - Fetched MarketWatch: 8 articles
2026-03-21 14:33:55,053 - INFO - Fetched Brookings: 0 articles
2026-03-21 14:33:55,138 - INFO - Fetched Jane's Defence: 0 articles
2026-03-21 14:33:55,488 - INFO - Fetched Defense News: 0 articles
2026-03-21 14:34:02,905 - INFO - Fetched Washington Post: 8 articles
2026-03-21 14:34:12,950 - INFO - Collected 128 unique articles from 30 feeds
2026-03-21 14:34:12,951 - INFO - <<< Completed: collect_feeds
2026-03-21 14:34:12,952 - INFO - >>> Running: archive
2026-03-21 14:34:13,302 - INFO - Archive initialized - 1814 articles already archived
2026-03-21 14:34:13,312 - INFO - Archived 93 new articles (93 total today)
2026-03-21 14:34:13,312 - INFO - Archive complete: 93 new articles saved
2026-03-21 14:34:13,312 - INFO - <<< Completed: archive
2026-03-21 14:34:13,312 - INFO - >>> Running: article_filter
2026-03-21 14:34:13,322 - INFO - Article filter: 54 relevant (score >= 4), 74 filtered out
2026-03-21 14:34:13,324 - INFO - Filtered 128 articles -> 54 relevant
2026-03-21 14:34:13,324 - INFO - <<< Completed: article_filter
2026-03-21 14:34:13,324 - INFO - >>> Running: quick_analysis
2026-03-21 14:34:13,324 - INFO - <<< Completed: quick_analysis
2026-03-21 14:34:13,324 - INFO - >>> Running: signal_detection
2026-03-21 14:34:13,342 - INFO - <<< Completed: signal_detection
2026-03-21 14:34:13,342 - INFO - >>> Running: context_retrieval
2026-03-21 14:34:13,373 - INFO - Knowledge base initialized at C:\Users\Aldin\Desktop\Projects\GeoIntelOpenCode\data\knowledge.db
2026-03-21 14:34:13,378 - INFO - World Model initialized at C:\Users\Aldin\Desktop\Projects\GeoIntelOpenCode\data\world_state.db
2026-03-21 14:34:13,378 - INFO - Context retrieved for: 0 countries, 0 issues
2026-03-21 14:34:13,378 - INFO - <<< Completed: context_retrieval
2026-03-21 14:34:13,381 - INFO - >>> Running: embed_events
2026-03-21 14:34:13,584 - INFO - Knowledge (events): stored 0, skipped 3
2026-03-21 14:34:13,591 - INFO - Knowledge: embedded 0 events
2026-03-21 14:34:13,591 - INFO - <<< Completed: embed_events
2026-03-21 14:34:13,592 - INFO - >>> Running: memory_graph
2026-03-21 14:34:13,606 - INFO - <<< Completed: memory_graph
2026-03-21 14:34:13,606 - INFO - >>> Running: intelligence_synthesis
2026-03-21 14:34:13,606 - INFO - <<< Completed: intelligence_synthesis
2026-03-21 14:34:13,606 - INFO - >>> Running: kosovo_impact
2026-03-21 14:34:13,606 - INFO - No Kosovo-relevant events found
2026-03-21 14:34:13,608 - INFO - <<< Completed: kosovo_impact
2026-03-21 14:34:13,608 - INFO - >>> Running: generate_brief
2026-03-21 14:34:14,832 - INFO - Telegram service enabled
2026-03-21 14:34:15,714 - INFO - Message sent successfully (1 chunks)
2026-03-21 14:34:15,718 - INFO - Brief sent to Telegram
2026-03-21 14:34:15,720 - INFO - <<< Completed: generate_brief
2026-03-21 14:34:15,720 - INFO - ==================================================
2026-03-21 14:34:15,720 - INFO - Pipeline Complete
2026-03-21 14:34:15,721 - INFO - Final status: briefed
2026-03-21 14:34:15,721 - INFO - Efficiency: 11 run, 0 skipped, 23.5s
2026-03-21 14:34:15,721 - INFO - ==================================================
