2026-03-27 13:53:56,109 - INFO - ==================================================
2026-03-27 13:53:56,109 - INFO - Starting LAGIS Ultra-Optimized Pipeline
2026-03-27 13:53:56,110 - INFO - Timestamp: 2026-03-27T13:53:56.110394
2026-03-27 13:53:56,110 - INFO - ==================================================
2026-03-27 13:53:56,110 - INFO - >>> Running: collect_feeds
2026-03-27 13:53:56,126 - INFO - Collector initialized with 30 feeds
2026-03-27 13:53:56,127 - INFO - Fetching 30 feeds in parallel...
2026-03-27 13:53:56,289 - INFO - Fetched AP News: 0 articles
2026-03-27 13:53:56,590 - INFO - Fetched Fox News World: 0 articles
2026-03-27 13:53:56,719 - INFO - Fetched Guardian World: 8 articles
2026-03-27 13:53:56,759 - INFO - Fetched Al Jazeera: 8 articles
2026-03-27 13:53:56,830 - INFO - Fetched NYT World: 8 articles
2026-03-27 13:53:56,880 - INFO - Fetched CNN World: 8 articles
2026-03-27 13:53:56,945 - INFO - Fetched BBC World: 8 articles
2026-03-27 13:53:57,113 - INFO - Fetched Reuters World: 0 articles
2026-03-27 13:53:57,143 - INFO - Fetched Euronews: 8 articles
2026-03-27 13:53:57,204 - INFO - Fetched CBS News: 0 articles
2026-03-27 13:53:57,236 - INFO - Fetched ABC News: 8 articles
2026-03-27 13:53:57,267 - INFO - Fetched BBC Business: 8 articles
2026-03-27 13:53:57,292 - INFO - Fetched France24: 8 articles
2026-03-27 13:53:57,402 - INFO - Fetched DW World: 8 articles
2026-03-27 13:53:57,525 - INFO - Fetched Economist: 0 articles
2026-03-27 13:53:57,640 - INFO - Fetched Reuters Business: 0 articles
2026-03-27 13:53:57,681 - INFO - Fetched Sky News: 0 articles
2026-03-27 13:53:57,712 - INFO - Fetched Foreign Affairs: 8 articles
2026-03-27 13:53:57,927 - INFO - Fetched MarketWatch: 8 articles
2026-03-27 13:53:57,962 - INFO - Fetched CNBC: 8 articles
2026-03-27 13:53:57,977 - INFO - Fetched Stratfor: 0 articles
2026-03-27 13:53:57,979 - INFO - Fetched NBC News: 0 articles
2026-03-27 13:53:58,239 - INFO - Fetched Financial Times: 8 articles
2026-03-27 13:53:58,269 - INFO - Fetched Bloomberg: 8 articles
2026-03-27 13:53:58,431 - INFO - Fetched RAND: 0 articles
2026-03-27 13:53:58,518 - INFO - Fetched CSIS: 0 articles
2026-03-27 13:53:58,523 - INFO - Fetched Jane's Defence: 0 articles
2026-03-27 13:53:58,775 - INFO - Fetched Defense News: 0 articles
2026-03-27 13:53:58,981 - INFO - Fetched Brookings: 0 articles
2026-03-27 13:54:05,909 - INFO - Fetched Washington Post: 7 articles
2026-03-27 13:54:12,725 - INFO - Collected 127 unique articles from 30 feeds
2026-03-27 13:54:12,725 - INFO - <<< Completed: collect_feeds
2026-03-27 13:54:12,725 - INFO - >>> Running: archive
2026-03-27 13:54:12,988 - INFO - Archive initialized - 2217 articles already archived
2026-03-27 13:54:12,993 - INFO - Archived 105 new articles (105 total today)
2026-03-27 13:54:12,993 - INFO - Archive complete: 105 new articles saved
2026-03-27 13:54:12,993 - INFO - <<< Completed: archive
2026-03-27 13:54:12,994 - INFO - >>> Running: article_filter
2026-03-27 13:54:13,000 - INFO - Article filter: 51 relevant (score >= 4), 76 filtered out
2026-03-27 13:54:13,000 - INFO - Filtered 127 articles -> 51 relevant
2026-03-27 13:54:13,000 - INFO - <<< Completed: article_filter
2026-03-27 13:54:13,000 - INFO - >>> Running: quick_analysis
2026-03-27 13:54:13,000 - INFO - <<< Completed: quick_analysis
2026-03-27 13:54:13,001 - INFO - >>> Running: signal_detection
2026-03-27 13:54:13,010 - INFO - <<< Completed: signal_detection
2026-03-27 13:54:13,010 - INFO - >>> Running: context_retrieval
2026-03-27 13:54:13,025 - INFO - Knowledge base initialized at C:\Users\Aldin\Desktop\Projects\GeoIntelOpenCode\data\knowledge.db
2026-03-27 13:54:13,028 - INFO - World Model initialized at C:\Users\Aldin\Desktop\Projects\GeoIntelOpenCode\data\world_state.db
2026-03-27 13:54:13,028 - INFO - Context retrieved for: 0 countries, 0 issues
2026-03-27 13:54:13,028 - INFO - <<< Completed: context_retrieval
2026-03-27 13:54:13,028 - INFO - >>> Running: embed_events
2026-03-27 13:54:13,127 - INFO - Knowledge (events): stored 0, skipped 3
2026-03-27 13:54:13,127 - INFO - Knowledge: embedded 0 events
2026-03-27 13:54:13,127 - INFO - <<< Completed: embed_events
2026-03-27 13:54:13,128 - INFO - >>> Running: memory_graph
2026-03-27 13:54:13,136 - INFO - Updated relationships: 0 allies, 1 adversaries
2026-03-27 13:54:13,137 - INFO - <<< Completed: memory_graph
2026-03-27 13:54:13,138 - INFO - >>> Running: intelligence_synthesis
2026-03-27 13:54:13,138 - INFO - <<< Completed: intelligence_synthesis
2026-03-27 13:54:13,138 - INFO - >>> Running: kosovo_impact
2026-03-27 13:54:13,138 - INFO - No Kosovo-relevant events found
2026-03-27 13:54:13,138 - INFO - <<< Completed: kosovo_impact
2026-03-27 13:54:13,138 - INFO - >>> Running: generate_brief
2026-03-27 13:54:13,896 - INFO - Telegram service enabled
2026-03-27 13:54:14,514 - INFO - Message sent successfully (1 chunks)
2026-03-27 13:54:14,515 - INFO - Brief sent to Telegram
2026-03-27 13:54:14,515 - INFO - <<< Completed: generate_brief
2026-03-27 13:54:14,515 - INFO - ==================================================
2026-03-27 13:54:14,516 - INFO - Pipeline Complete
2026-03-27 13:54:14,516 - INFO - Final status: briefed
2026-03-27 13:54:14,516 - INFO - Efficiency: 11 run, 0 skipped, 18.4s
2026-03-27 13:54:14,516 - INFO - ==================================================
