2026-03-18 14:28:26,574 - INFO - ==================================================
2026-03-18 14:28:26,575 - INFO - Starting LAGIS Ultra-Optimized Pipeline
2026-03-18 14:28:26,575 - INFO - Timestamp: 2026-03-18T14:28:26.575277
2026-03-18 14:28:26,575 - INFO - ==================================================
2026-03-18 14:28:26,575 - INFO - >>> Running: collect_feeds
2026-03-18 14:28:26,592 - INFO - Collector initialized with 30 feeds
2026-03-18 14:28:26,593 - INFO - Fetching 30 feeds in parallel...
2026-03-18 14:28:26,695 - INFO - Fetched AP News: 0 articles
2026-03-18 14:28:26,897 - INFO - Fetched Al Jazeera: 8 articles
2026-03-18 14:28:26,919 - INFO - Fetched BBC World: 8 articles
2026-03-18 14:28:26,995 - INFO - Fetched NYT World: 8 articles
2026-03-18 14:28:27,059 - INFO - Fetched Fox News World: 0 articles
2026-03-18 14:28:27,103 - INFO - Fetched Guardian World: 8 articles
2026-03-18 14:28:27,202 - INFO - Fetched CNN World: 8 articles
2026-03-18 14:28:27,336 - INFO - Fetched Euronews: 8 articles
2026-03-18 14:28:27,377 - INFO - Fetched ABC News: 8 articles
2026-03-18 14:28:27,499 - INFO - Fetched DW World: 8 articles
2026-03-18 14:28:27,526 - INFO - Fetched France24: 8 articles
2026-03-18 14:28:27,560 - INFO - Fetched BBC Business: 8 articles
2026-03-18 14:28:27,639 - INFO - Fetched CBS News: 0 articles
2026-03-18 14:28:27,779 - INFO - Fetched Sky News: 0 articles
2026-03-18 14:28:27,914 - INFO - Fetched Reuters Business: 0 articles
2026-03-18 14:28:27,925 - INFO - Fetched Economist: 0 articles
2026-03-18 14:28:28,045 - INFO - Fetched CNBC: 8 articles
2026-03-18 14:28:28,072 - INFO - Fetched Foreign Affairs: 8 articles
2026-03-18 14:28:28,203 - INFO - Fetched NBC News: 0 articles
2026-03-18 14:28:28,281 - INFO - Fetched Reuters World: 0 articles
2026-03-18 14:28:28,285 - INFO - Fetched Stratfor: 0 articles
2026-03-18 14:28:28,377 - INFO - Fetched MarketWatch: 8 articles
2026-03-18 14:28:28,474 - INFO - Fetched RAND: 0 articles
2026-03-18 14:28:28,505 - INFO - Fetched Bloomberg: 8 articles
2026-03-18 14:28:28,600 - INFO - Fetched Brookings: 0 articles
2026-03-18 14:28:28,615 - INFO - Fetched Financial Times: 8 articles
2026-03-18 14:28:28,695 - INFO - Fetched CSIS: 0 articles
2026-03-18 14:28:28,837 - INFO - Fetched Jane's Defence: 0 articles
2026-03-18 14:28:29,187 - INFO - Fetched Defense News: 0 articles
2026-03-18 14:28:35,319 - INFO - Fetched Washington Post: 8 articles
2026-03-18 14:28:42,849 - INFO - Collected 127 unique articles from 30 feeds
2026-03-18 14:28:42,851 - INFO - <<< Completed: collect_feeds
2026-03-18 14:28:42,851 - INFO - >>> Running: archive
2026-03-18 14:28:42,990 - INFO - Archive initialized - 1506 articles already archived
2026-03-18 14:28:42,993 - INFO - Archived 112 new articles (112 total today)
2026-03-18 14:28:42,993 - INFO - Archive complete: 112 new articles saved
2026-03-18 14:28:42,993 - INFO - <<< Completed: archive
2026-03-18 14:28:42,993 - INFO - >>> Running: article_filter
2026-03-18 14:28:43,000 - INFO - Article filter: 60 relevant (score >= 4), 67 filtered out
2026-03-18 14:28:43,000 - INFO - Filtered 127 articles -> 60 relevant
2026-03-18 14:28:43,000 - INFO - <<< Completed: article_filter
2026-03-18 14:28:43,000 - INFO - >>> Running: quick_analysis
2026-03-18 14:28:43,000 - INFO - <<< Completed: quick_analysis
2026-03-18 14:28:43,000 - INFO - >>> Running: signal_detection
2026-03-18 14:28:43,002 - INFO - <<< Completed: signal_detection
2026-03-18 14:28:43,002 - INFO - >>> Running: context_retrieval
2026-03-18 14:28:43,023 - INFO - Knowledge base initialized at C:\Users\Aldin\Desktop\Projects\GeoIntelOpenCode\data\knowledge.db
2026-03-18 14:28:43,023 - INFO - World Model initialized at C:\Users\Aldin\Desktop\Projects\GeoIntelOpenCode\data\world_state.db
2026-03-18 14:28:43,023 - INFO - Context retrieved for: 0 countries, 0 issues
2026-03-18 14:28:43,023 - INFO - <<< Completed: context_retrieval
2026-03-18 14:28:43,023 - INFO - >>> Running: embed_events
2026-03-18 14:28:43,133 - INFO - Knowledge (events): stored 0, skipped 3
2026-03-18 14:28:43,133 - INFO - Knowledge: embedded 0 events
2026-03-18 14:28:43,133 - INFO - <<< Completed: embed_events
2026-03-18 14:28:43,133 - INFO - >>> Running: memory_graph
2026-03-18 14:28:43,144 - INFO - <<< Completed: memory_graph
2026-03-18 14:28:43,144 - INFO - >>> Running: intelligence_synthesis
2026-03-18 14:28:43,144 - INFO - <<< Completed: intelligence_synthesis
2026-03-18 14:28:43,144 - INFO - >>> Running: kosovo_impact
2026-03-18 14:28:43,144 - INFO - No Kosovo-relevant events found
2026-03-18 14:28:43,144 - INFO - <<< Completed: kosovo_impact
2026-03-18 14:28:43,144 - INFO - >>> Running: generate_brief
2026-03-18 14:28:43,723 - INFO - Telegram service enabled
2026-03-18 14:28:44,582 - INFO - Message sent successfully (1 chunks)
2026-03-18 14:28:44,584 - INFO - Brief sent to Telegram
2026-03-18 14:28:44,584 - INFO - <<< Completed: generate_brief
2026-03-18 14:28:44,584 - INFO - ==================================================
2026-03-18 14:28:44,584 - INFO - Pipeline Complete
2026-03-18 14:28:44,584 - INFO - Final status: briefed
2026-03-18 14:28:44,584 - INFO - Efficiency: 11 run, 0 skipped, 18.0s
2026-03-18 14:28:44,584 - INFO - ==================================================
